// Jest Snapshot v1, https://goo.gl/fbAQLP

exports[`<Header /> Component should render 1`] = `
<div>
  <div
    class="headerContainer"
  >
    <h2
      class="headerLogo"
    >
      Messenger
    </h2>
    <ul
      class="ant-menu ant-menu-dark ant-menu-root ant-menu-horizontal"
      role="menu"
    >
      <li
        class="ant-menu-submenu ant-menu-submenu-horizontal ant-menu-overflowed-submenu"
        role="menuitem"
        style="display: none;"
      >
        <div
          aria-expanded="false"
          aria-haspopup="true"
          class="ant-menu-submenu-title"
          role="button"
        >
          <span>
            ···
          </span>
          <i
            class="ant-menu-submenu-arrow"
          />
        </div>
      </li>
      <li
        class="ant-menu-item ant-menu-item-only-child ant-menu-item-selected"
        role="menuitem"
      >
        Home
      </li>
      <li
        class="ant-menu-submenu ant-menu-submenu-horizontal ant-menu-overflowed-submenu"
        role="menuitem"
        style="display: none;"
      >
        <div
          aria-expanded="false"
          aria-haspopup="true"
          class="ant-menu-submenu-title"
          role="button"
        >
          <span>
            ···
          </span>
          <i
            class="ant-menu-submenu-arrow"
          />
        </div>
      </li>
      <li
        class="ant-menu-item ant-menu-item-only-child"
        role="menuitem"
      >
        Chats
      </li>
      <li
        class="ant-menu-submenu ant-menu-submenu-horizontal ant-menu-overflowed-submenu"
        role="menuitem"
        style="display: none;"
      >
        <div
          aria-expanded="false"
          aria-haspopup="true"
          class="ant-menu-submenu-title"
          role="button"
        >
          <span>
            ···
          </span>
          <i
            class="ant-menu-submenu-arrow"
          />
        </div>
      </li>
      <li
        class="ant-menu-item ant-menu-item-only-child"
        role="menuitem"
      >
        Profile
      </li>
      <li
        class="ant-menu-submenu ant-menu-submenu-horizontal ant-menu-overflowed-submenu"
        role="menuitem"
        style="visibility: hidden; position: absolute; display: none;"
      >
        <div
          aria-expanded="false"
          aria-haspopup="true"
          class="ant-menu-submenu-title"
          role="button"
        >
          <span>
            ···
          </span>
          <i
            class="ant-menu-submenu-arrow"
          />
        </div>
      </li>
    </ul>
  </div>
</div>
`;
